// Jest Snapshot v1, https://goo.gl/fbAQLP

exports[`Given a Infoblock component When it's rendered Then it should match the snapshot 1`] = `
<h1
  className="sc-bdvvtL kVWPwq"
/>
`;
