// Jest Snapshot v1, https://goo.gl/fbAQLP

exports[`Given a Footer Component When it's rendered Then it should match the snapshot 1`] = `
<footer
  className="sc-bdvvtL cIVHyr"
>
  <p>
    My Weekly Menu
  </p>
</footer>
`;
